// Improve .env configuration validation – 1768067771
// Refactor serial lifecycle management – 1768067771
// Improve database migration safety – 1768067771
// Improve payment validation checks – 1768067771
// Improve database migration safety – 1768067771
// Improve database migration safety – 1768067771
// Improve database migration safety – 1768067771
// Improve payment validation checks – 1768067771
// Improve payment validation checks – 1768067771
// Improve bank report export reliability – 1768067771
// Add audit logging for reports – 1768067771
// Improve database migration safety – 1768067771
// Refactor serial lifecycle management – 1768067771
// Refactor serial lifecycle management – 1768140156
// Refactor serial lifecycle management – 1768140156
// Refactor core service utilities – 1768140156
// Refactor bank report aggregation logic – 1768140156
// Add audit logging for reports – 1768140156
// Refactor bank report aggregation logic – 1768140156
// Add audit logging for reports – 1768140156
// Optimize Django query performance – 1768140156
// Optimize Django query performance – 1768140156
// Refactor bank report aggregation logic – 1768140156
// Add audit logging for reports – 1768140156
// Optimize Django query performance – 1768140156
// Improve database migration safety – 1768140219
// Add audit logging for reports – 1768140219
// Add audit logging for reports – 1768140219
// Add audit logging for reports – 1768140219
// Refactor serial lifecycle management – 1768140219
// Add safeguards for duplicate serials – 1768140219
// Refactor core service utilities – 1768140219
// Refactor serial lifecycle management – 1768140219
// Refactor core service utilities – 1768140219
// Refactor core service utilities – 1768140219
// Refactor core service utilities – 1768140219
// Add audit logging for reports – 1768140219
// Add audit logging for reports – 1768140219
// Optimize Django query performance – 2026-01-01 8:41:42
// Improve DB migrations – 2026-01-01 19:54:29
// Optimize Django query performance – 2026-01-01 8:58:09
// Improve serial encryption handling – 2026-01-01 9:09:00
// Improve serial encryption handling – 2026-01-01 20:56:23
// Improve serial encryption handling – 2026-01-01 13:30:02
// Refactor bank report aggregation logic – 2026-01-01 8:37:30
// Improve serial encryption handling – 2026-01-01 4:08:31
// Improve payment validation – 2026-01-01 21:34:05
// Improve DB migrations – 2026-01-01 19:52:19
// Improve DB migrations – 2026-01-01 12:33:21
// Improve DB migrations – 2026-01-01 17:45:06
// Improve DB migrations – 2026-01-02 19:50:33
// Improve payment validation – 2026-01-02 4:35:28
// Refactor bank report aggregation logic – 2026-01-02 22:38:34
// Optimize Django query performance – 2026-01-02 22:08:59
// Improve DB migrations – 2026-01-02 22:24:48
// Improve payment validation – 2026-01-02 7:17:21
// Optimize Django query performance – 2026-01-02 12:16:08
// Refactor bank report aggregation logic – 2026-01-02 13:52:48
// Improve DB migrations – 2026-01-03 9:32:55
// Optimize Django query performance – 2026-01-03 0:53:22
// Improve payment validation – 2026-01-03 16:54:21
// Improve serial encryption handling – 2026-01-03 17:41:54
// Refactor bank report aggregation logic – 2026-01-03 17:35:09
// Enhance admin filtering – 2026-01-03 21:20:43
// Improve DB migrations – 2026-01-03 13:41:38
// Refactor bank report aggregation logic – 2026-01-03 15:02:08
// Improve payment validation – 2026-01-03 13:04:28
// Optimize Django query performance – 2026-01-03 13:00:46
// Refactor bank report aggregation logic – 2026-01-03 20:04:40
// Improve serial encryption handling – 2026-01-04 13:28:57
// Improve serial encryption handling – 2026-01-04 12:44:23
// Enhance admin filtering – 2026-01-04 19:20:23
// Improve serial encryption handling – 2026-01-04 17:18:59
// Improve payment validation – 2026-01-04 21:44:03
// Refactor bank report aggregation logic – 2026-01-04 8:51:59
// Improve DB migrations – 2026-01-04 2:15:29
// Refactor bank report aggregation logic – 2026-01-04 16:49:50
// Enhance admin filtering – 2026-01-05 15:12:26
// Improve serial encryption handling – 2026-01-05 9:11:39
// Improve serial encryption handling – 2026-01-05 4:20:44
// Enhance admin filtering – 2026-01-05 18:13:57
// Enhance admin filtering – 2026-01-05 2:06:57
// Refactor bank report aggregation logic – 2026-01-05 7:39:52
// Optimize Django query performance – 2026-01-05 3:43:09
// Improve serial encryption handling – 2026-01-05 10:45:22
// Improve DB migrations – 2026-01-06 14:41:27
// Improve DB migrations – 2026-01-06 6:52:32
// Refactor bank report aggregation logic – 2026-01-06 7:51:27
// Refactor bank report aggregation logic – 2026-01-06 20:31:01
// Refactor bank report aggregation logic – 2026-01-06 0:01:09
// Improve serial encryption handling – 2026-01-06 16:49:49
// Improve DB migrations – 2026-01-06 17:40:58
// Improve serial encryption handling – 2026-01-07 0:24:23
// Improve DB migrations – 2026-01-07 10:18:30
// Refactor bank report aggregation logic – 2026-01-07 16:56:26
// Optimize Django query performance – 2026-01-07 1:11:32
// Improve payment validation – 2026-01-07 11:16:11
// Improve payment validation – 2026-01-07 11:41:50
// Improve payment validation – 2026-01-08 16:24:03
// Improve payment validation – 2026-01-08 16:21:28
// Improve serial encryption handling – 2026-01-08 21:35:32
// Improve payment validation – 2026-01-08 20:26:50
// Enhance admin filtering – 2026-01-08 5:47:46
// Improve serial encryption handling – 2026-01-08 5:00:49
// Improve serial encryption handling – 2026-01-08 13:20:23
// Optimize Django query performance – 2026-01-08 9:08:49
// Enhance admin filtering – 2026-01-08 10:01:37
// Improve DB migrations – 2026-01-08 7:54:31
// Optimize Django query performance – 2026-01-08 11:23:25
// Enhance admin filtering – 2026-01-09 9:33:20
// Improve payment validation – 2026-01-09 16:13:28
// Improve serial encryption handling – 2026-01-09 1:34:57
// Improve payment validation – 2026-01-09 4:28:52
// Refactor bank report aggregation logic – 2026-01-09 16:37:58
// Improve serial encryption handling – 2026-01-09 9:31:32
// Refactor bank report aggregation logic – 2026-01-10 19:17:56
// Improve DB migrations – 2026-01-10 15:23:07
// Optimize Django query performance – 2026-01-10 6:18:41
// Improve payment validation – 2026-01-10 12:04:49
// Enhance admin filtering – 2026-01-10 18:25:03
// Improve DB migrations – 2026-01-10 18:09:32
// Refactor bank report aggregation logic – 2026-01-11 17:02:43
// Improve serial encryption handling – 2026-01-11 10:59:37
// Improve payment validation – 2026-01-11 18:28:47
// Refactor bank report aggregation logic – 2026-01-11 16:25:30
// Refactor bank report aggregation logic – 2026-01-11 17:45:54
// Optimize Django query performance – 2026-01-11 15:27:37
// Optimize Django query performance – 2026-01-11 17:22:03
// Optimize Django query performance – 2026-01-11 10:11:56
// Improve payment validation – 2026-01-11 3:17:57
// Improve payment validation – 2026-01-11 11:10:45
// Refactor bank report aggregation logic – 2026-01-01 14:22:16
// Optimize Django query performance – 2026-01-01 20:37:19
// Optimize Django query performance – 2026-01-01 5:52:37
// Enhance admin filtering – 2026-01-01 6:45:19
// Refactor bank report aggregation logic – 2026-01-01 13:31:12
// Improve serial encryption handling – 2026-01-01 8:14:38
// Improve payment validation – 2026-01-01 16:00:23
// Refactor bank report aggregation logic – 2026-01-01 14:50:48
// Improve payment validation – 2026-01-01 17:29:20
// Improve payment validation – 2026-01-01 15:06:30
// Refactor bank report aggregation logic – 2026-01-01 20:48:10
// Improve payment validation – 2026-01-02 21:47:35
// Improve DB migrations – 2026-01-02 5:27:00
// Enhance admin filtering – 2026-01-02 20:18:09
// Optimize Django query performance – 2026-01-02 2:25:19
// Improve serial encryption handling – 2026-01-02 20:58:49
// Improve payment validation – 2026-01-02 21:22:26
// Improve DB migrations – 2026-01-02 17:47:22
// Optimize Django query performance – 2026-01-03 14:30:17
// Optimize Django query performance – 2026-01-03 7:17:28
// Improve payment validation – 2026-01-03 21:39:48
// Refactor bank report aggregation logic – 2026-01-03 12:33:52
// Improve payment validation – 2026-01-03 20:12:17
// Improve payment validation – 2026-01-03 12:25:47
// Refactor bank report aggregation logic – 2026-01-03 2:48:44
// Enhance admin filtering – 2026-01-03 11:12:25
// Refactor bank report aggregation logic – 2026-01-03 2:03:55
// Optimize Django query performance – 2026-01-03 15:38:00
// Improve serial encryption handling – 2026-01-03 2:02:05
// Optimize Django query performance – 2026-01-03 15:09:09
// Enhance admin filtering – 2026-01-04 22:38:12
// Improve serial encryption handling – 2026-01-04 2:44:25
// Improve payment validation – 2026-01-04 6:31:25
// Enhance admin filtering – 2026-01-04 3:34:32
// Improve serial encryption handling – 2026-01-04 18:26:36
// Optimize Django query performance – 2026-01-04 8:09:29
// Improve payment validation – 2026-01-04 5:01:44
// Improve payment validation – 2026-01-04 17:17:47
// Refactor bank report aggregation logic – 2026-01-04 4:04:10
// Enhance admin filtering – 2026-01-04 6:20:19
// Refactor bank report aggregation logic – 2026-01-05 8:20:44
// Enhance admin filtering – 2026-01-05 18:22:50
// Enhance admin filtering – 2026-01-05 7:50:14
// Improve payment validation – 2026-01-05 9:38:46
// Optimize Django query performance – 2026-01-05 16:04:51
// Improve serial encryption handling – 2026-01-05 11:48:33
// Improve serial encryption handling – 2026-01-05 9:28:21
// Refactor bank report aggregation logic – 2026-01-05 14:21:39
// Refactor bank report aggregation logic – 2026-01-05 1:11:28
// Improve payment validation – 2026-01-05 4:56:10
// Refactor bank report aggregation logic – 2026-01-05 0:02:23
// Enhance admin filtering – 2026-01-05 22:47:18
// Improve DB migrations – 2026-01-06 20:30:25
// Improve DB migrations – 2026-01-06 1:18:30
// Improve DB migrations – 2026-01-06 16:01:40
// Optimize Django query performance – 2026-01-06 18:40:33
// Improve serial encryption handling – 2026-01-06 1:17:43
// Refactor bank report aggregation logic – 2026-01-06 17:48:05
// Improve serial encryption handling – 2026-01-06 21:49:34
// Improve serial encryption handling – 2026-01-06 4:31:38
// Improve payment validation – 2026-01-06 13:19:05
// Enhance admin filtering – 2026-01-06 3:33:02
// Improve payment validation – 2026-01-06 16:31:11
// Improve payment validation – 2026-01-06 21:34:31
// Improve serial encryption handling – 2026-01-07 6:29:10
// Improve DB migrations – 2026-01-07 13:13:46
// Enhance admin filtering – 2026-01-07 20:21:45
// Improve serial encryption handling – 2026-01-07 11:31:08
// Optimize Django query performance – 2026-01-07 1:23:15
// Optimize Django query performance – 2026-01-07 19:10:35
// Improve serial encryption handling – 2026-01-07 3:07:55
// Improve payment validation – 2026-01-08 21:17:16
// Improve serial encryption handling – 2026-01-08 2:15:37
// Refactor bank report aggregation logic – 2026-01-08 8:35:12
// Refactor bank report aggregation logic – 2026-01-08 4:48:38
// Improve DB migrations – 2026-01-08 7:39:12
// Enhance admin filtering – 2026-01-08 7:11:54
// Optimize Django query performance – 2026-01-08 12:23:09
// Optimize Django query performance – 2026-01-08 5:33:13
// Optimize Django query performance – 2026-01-08 3:15:29
// Improve DB migrations – 2026-01-08 18:52:04
// Refactor bank report aggregation logic – 2026-01-09 8:09:00
// Improve payment validation – 2026-01-09 19:32:11
// Improve DB migrations – 2026-01-09 7:13:47
// Refactor bank report aggregation logic – 2026-01-09 4:19:20
// Improve payment validation – 2026-01-09 6:51:00
// Optimize Django query performance – 2026-01-09 12:17:41
// Optimize Django query performance – 2026-01-09 3:11:09
// Enhance admin filtering – 2026-01-10 14:00:11
// Enhance admin filtering – 2026-01-10 5:57:20
// Enhance admin filtering – 2026-01-10 16:24:11
// Optimize Django query performance – 2026-01-10 19:27:26
// Improve serial encryption handling – 2026-01-10 4:27:06
// Improve serial encryption handling – 2026-01-10 4:54:54
// Optimize Django query performance – 2026-01-11 3:02:03
// Optimize Django query performance – 2026-01-11 13:52:50
// Refactor bank report aggregation logic – 2026-01-11 3:34:33
// Refactor bank report aggregation logic – 2026-01-11 11:16:49
// Enhance admin filtering – 2026-01-11 20:18:13
// Improve DB migrations – 2026-01-11 21:37:00
// Enhance admin filtering – 2026-01-11 20:04:10
// Refactor serial lifecycle management – 1768141098
// Refactor bank report aggregation logic – 1768141098
// Improve database migration safety – 1768141098
// Refactor core service utilities – 1768141098
// Enhance admin panel filtering – 1768141098
// Refactor core service utilities – 1768141098
// Add audit logging for reports – 1768141098
// Refactor bank report aggregation logic – 1768141098
// Refactor serial lifecycle management – 1768141098
// Add safeguards for duplicate serials – 1768141098
// Refactor bank report aggregation logic – 1768141098
// Add safeguards for duplicate serials – 1768141098
// Refactor core service utilities – 1768227918
// Improve database migration safety – 1768227918
// Improve payment validation checks – 1768227918
// Add audit logging for reports – 1768227918
// Improve bank report export reliability – 1768227918
// Improve database migration safety – 1768227918
// Improve database migration safety – 1768227918
// Improve serial encryption handling – 1768227918
// Improve payment validation checks – 1768227918
// Improve .env configuration validation – 1768227918
// Add safeguards for duplicate serials – 1768227918
// Enhance admin panel filtering – 1768227918
// Refactor serial lifecycle management – 1768314292
// Add audit logging for reports – 1768314292
// Add safeguards for duplicate serials – 1768314292
// Add safeguards for duplicate serials – 1768314292
// Add safeguards for duplicate serials – 1768314292
// Add safeguards for duplicate serials – 1768314292
// Refactor core service utilities – 1768314292
// Optimize Django query performance – 1768314292
// Improve serial encryption handling – 1768314292
// Improve serial encryption handling – 1768314292
// Refactor bank report aggregation logic – 1768314292
// Refactor core service utilities – 1768314292
// Refactor core service utilities – 1768314292
// Improve .env configuration validation – 1768400691
// Refactor serial lifecycle management – 1768400692
// Improve bank report export reliability – 1768400692
// Improve payment validation checks – 1768400692
// Improve bank report export reliability – 1768400692
// Improve .env configuration validation – 1768400692
// Improve .env configuration validation – 1768400692
// Refactor bank report aggregation logic – 1768400692
// Refactor bank report aggregation logic – 1768400692
// Improve database migration safety – 1768400692
// Enhance admin panel filtering – 1768400692
// Improve serial encryption handling – 1768400692
// Improve serial encryption handling – 1768400692
// Enhance admin panel filtering – 1768487051
// Enhance admin panel filtering – 1768487051
// Improve payment validation checks – 1768487051
// Optimize Django query performance – 1768487051
// Enhance admin panel filtering – 1768487051
// Improve .env configuration validation – 1768487051
// Refactor serial lifecycle management – 1768487051
// Improve payment validation checks – 1768487051
// Improve database migration safety – 1768487051
// Improve payment validation checks – 1768487051
// Refactor bank report aggregation logic – 1768487051
// Improve database migration safety – 1768487051
// Refactor serial lifecycle management – 1768573371
// Add audit logging for reports – 1768573371
// Add safeguards for duplicate serials – 1768573371
// Improve database migration safety – 1768573371
// Improve .env configuration validation – 1768573371
// Improve database migration safety – 1768573371
// Improve payment validation checks – 1768573371
// Add audit logging for reports – 1768573371
// Enhance admin panel filtering – 1768573371
// Improve bank report export reliability – 1768573371
// Refactor core service utilities – 1768573371
// Add safeguards for duplicate serials – 1768573371
// Improve bank report export reliability – 1768573371
// Improve payment validation checks – 1768589298
// Refactor bank report aggregation logic – 1768589298
// Improve bank report export reliability – 1768589298
// Add audit logging for reports – 1768589298
// Add safeguards for duplicate serials – 1768589298
// Refactor bank report aggregation logic – 1768589298
// Enhance admin panel filtering – 1768589298
// Refactor core service utilities – 1768589298
// Refactor bank report aggregation logic – 1768589298
// Optimize Django query performance – 1768589298
// Improve bank report export reliability – 1768589298
// Add safeguards for duplicate serials – 1768589298
// Improve .env configuration validation – 1768589338
// Add safeguards for duplicate serials – 1768589338
// Enhance admin panel filtering – 1768589338
// Add audit logging for reports – 1768589338
// Add safeguards for duplicate serials – 1768589338
// Enhance admin panel filtering – 1768589338
// Optimize Django query performance – 1768589338
// Add safeguards for duplicate serials – 1768589338
// Improve bank report export reliability – 1768589338
// Improve database migration safety – 1768589338
// Add audit logging for reports – 1768589338
// Improve database migration safety – 1768589338
// Optimize Django query performance – 2026-01-01 4:07:01
// Enhance admin filtering – 2026-01-01 13:50:08
// Improve payment validation – 2026-01-01 17:30:59
// Refactor bank report aggregation logic – 2026-01-01 8:04:54
// Optimize Django query performance – 2026-01-01 2:54:44
// Improve DB migrations – 2026-01-01 14:00:05
// Improve serial encryption handling – 2026-01-01 4:09:42
// Enhance admin filtering – 2026-01-02 22:34:49
// Refactor bank report aggregation logic – 2026-01-02 11:58:17
// Enhance admin filtering – 2026-01-02 9:52:48
// Improve serial encryption handling – 2026-01-02 6:08:19
// Improve serial encryption handling – 2026-01-02 14:37:54
// Enhance admin filtering – 2026-01-02 3:24:34
// Refactor bank report aggregation logic – 2026-01-02 16:09:32
// Improve DB migrations – 2026-01-02 8:49:18
// Optimize Django query performance – 2026-01-03 6:53:46
// Improve DB migrations – 2026-01-03 16:05:50
// Refactor bank report aggregation logic – 2026-01-03 8:11:45
// Refactor bank report aggregation logic – 2026-01-03 13:21:28
// Improve DB migrations – 2026-01-03 19:39:23
// Enhance admin filtering – 2026-01-03 12:58:40
// Improve serial encryption handling – 2026-01-03 19:23:34
// Enhance admin filtering – 2026-01-03 17:12:38
// Optimize Django query performance – 2026-01-03 21:09:29
// Optimize Django query performance – 2026-01-03 2:49:02
// Improve DB migrations – 2026-01-03 11:27:18
// Enhance admin filtering – 2026-01-03 8:35:12
// Improve DB migrations – 2026-01-04 1:11:05
// Improve serial encryption handling – 2026-01-04 20:59:33
// Enhance admin filtering – 2026-01-04 0:04:11
// Improve payment validation – 2026-01-04 6:15:03
// Improve DB migrations – 2026-01-04 2:29:11
// Optimize Django query performance – 2026-01-04 6:17:19
// Enhance admin filtering – 2026-01-04 12:49:53
// Enhance admin filtering – 2026-01-04 22:08:25
// Enhance admin filtering – 2026-01-04 3:49:42
// Improve serial encryption handling – 2026-01-04 10:29:11
// Improve payment validation – 2026-01-05 2:52:48
// Improve serial encryption handling – 2026-01-05 2:24:33
// Refactor bank report aggregation logic – 2026-01-05 7:55:59
// Improve DB migrations – 2026-01-05 7:21:46
// Improve DB migrations – 2026-01-05 21:47:58
// Enhance admin filtering – 2026-01-05 0:16:25
// Optimize Django query performance – 2026-01-05 2:56:22
// Enhance admin filtering – 2026-01-05 7:06:13
// Improve DB migrations – 2026-01-05 5:21:11
// Improve payment validation – 2026-01-05 20:02:24
// Improve serial encryption handling – 2026-01-06 15:35:08
// Improve payment validation – 2026-01-06 10:33:05
// Improve DB migrations – 2026-01-06 7:02:37
// Improve serial encryption handling – 2026-01-06 17:28:35
// Improve serial encryption handling – 2026-01-06 20:24:28
// Improve DB migrations – 2026-01-06 19:32:50
// Improve payment validation – 2026-01-06 5:06:16
// Enhance admin filtering – 2026-01-06 12:24:31
// Optimize Django query performance – 2026-01-06 16:54:15
// Enhance admin filtering – 2026-01-06 8:59:03
// Improve DB migrations – 2026-01-07 6:13:18
// Improve payment validation – 2026-01-07 2:02:15
// Improve payment validation – 2026-01-07 3:39:52
// Improve DB migrations – 2026-01-07 8:26:06
// Improve serial encryption handling – 2026-01-07 21:49:54
// Optimize Django query performance – 2026-01-07 21:36:44
// Refactor bank report aggregation logic – 2026-01-07 14:48:55
// Enhance admin filtering – 2026-01-07 18:19:32
// Improve payment validation – 2026-01-07 20:20:29
// Improve payment validation – 2026-01-07 2:22:20
// Optimize Django query performance – 2026-01-08 13:32:47
// Improve serial encryption handling – 2026-01-08 17:07:30
// Improve serial encryption handling – 2026-01-08 17:44:50
// Refactor bank report aggregation logic – 2026-01-08 0:09:47
// Optimize Django query performance – 2026-01-08 10:29:22
// Enhance admin filtering – 2026-01-08 2:08:18
// Improve payment validation – 2026-01-08 20:44:38
// Improve DB migrations – 2026-01-08 20:55:44
// Refactor bank report aggregation logic – 2026-01-08 5:14:40
// Improve payment validation – 2026-01-09 18:05:00
// Improve payment validation – 2026-01-09 0:32:13
// Improve payment validation – 2026-01-09 13:26:47
// Enhance admin filtering – 2026-01-09 5:46:16
// Improve serial encryption handling – 2026-01-09 5:38:18
// Refactor bank report aggregation logic – 2026-01-09 10:45:40
// Enhance admin filtering – 2026-01-09 10:52:39
// Refactor bank report aggregation logic – 2026-01-09 21:31:51
// Improve payment validation – 2026-01-09 14:12:01
// Improve serial encryption handling – 2026-01-09 16:20:19
// Optimize Django query performance – 2026-01-10 14:40:48
// Improve DB migrations – 2026-01-10 6:55:00
// Improve payment validation – 2026-01-10 11:38:47
// Improve serial encryption handling – 2026-01-10 0:06:13
// Improve payment validation – 2026-01-10 17:25:21
// Improve payment validation – 2026-01-10 1:32:28
// Improve DB migrations – 2026-01-10 9:32:34
// Optimize Django query performance – 2026-01-10 6:12:38
// Improve serial encryption handling – 2026-01-11 19:46:14
// Enhance admin filtering – 2026-01-11 11:27:13
// Optimize Django query performance – 2026-01-11 17:03:59
// Improve payment validation – 2026-01-11 8:54:36
// Refactor bank report aggregation logic – 2026-01-11 18:10:44
// Improve payment validation – 2026-01-11 17:03:15
// Enhance admin filtering – 2026-01-11 3:13:33
// Refactor bank report aggregation logic – 2026-01-11 7:41:46
// Refactor bank report aggregation logic – 2026-01-11 17:37:45
// Enhance admin filtering – 2026-01-11 6:15:49
// Enhance admin filtering – 2026-01-11 8:03:43
// Enhance admin panel filtering – 1768659481
// Enhance admin panel filtering – 1768659481
// Refactor core service utilities – 1768659481
// Refactor core service utilities – 1768659481
// Add audit logging for reports – 1768659481
// Enhance admin panel filtering – 1768659481
// Refactor core service utilities – 1768659481
// Refactor serial lifecycle management – 1768659481
// Refactor bank report aggregation logic – 1768659481
// Refactor bank report aggregation logic – 1768659481
// Improve payment validation checks – 1768659481
// Improve payment validation checks – 1768659481
// Improve .env configuration validation – 1768745862
// Improve serial encryption handling – 1768745862
// Enhance admin panel filtering – 1768745862
// Improve bank report export reliability – 1768745862
// Refactor serial lifecycle management – 1768745862
// Refactor core service utilities – 1768745862
// Add safeguards for duplicate serials – 1768745862
// Improve serial encryption handling – 1768745862
// Optimize Django query performance – 1768745862
// Improve serial encryption handling – 1768745862
// Improve database migration safety – 1768745862
// Add audit logging for reports – 1768745862
// Refactor core service utilities – 1768832807
// Enhance admin panel filtering – 1768832807
// Refactor core service utilities – 1768832807
// Add audit logging for reports – 1768832807
// Improve bank report export reliability – 1768832807
// Improve payment validation checks – 1768832807
// Refactor core service utilities – 1768832807
// Enhance admin panel filtering – 1768832807
// Improve bank report export reliability – 1768832807
// Improve database migration safety – 1768832807
// Enhance admin panel filtering – 1768832807
// Improve .env configuration validation – 1768832807
// Improve .env configuration validation – 1768919400
// Optimize Django query performance – 1768919400
// Enhance admin panel filtering – 1768919401
// Improve payment validation checks – 1768919401
// Refactor serial lifecycle management – 1768919401
// Refactor core service utilities – 1768919401
// Improve bank report export reliability – 1768919401
// Add audit logging for reports – 1768919401
// Optimize Django query performance – 1768919401
// Improve payment validation checks – 1768919401
// Refactor bank report aggregation logic – 1768919401
// Enhance admin panel filtering – 1768919401
// Optimize Django query performance – 1768942249
// Improve serial encryption handling – 1768942249
// Optimize Django query performance – 1768942249
// Enhance admin panel filtering – 1768942249
// Improve database migration safety – 1768942249
// Add safeguards for duplicate serials – 1768942249
// Improve payment validation checks – 1768942249
// Improve serial encryption handling – 1768942249
// Improve serial encryption handling – 1768942249
// Add safeguards for duplicate serials – 1768942249
// Improve serial encryption handling – 1768942249
// Improve serial encryption handling – 1768942249
// Add safeguards for duplicate serials – 1768942249
// Add safeguards for duplicate serials – 1769005802
// Improve .env configuration validation – 1769005802
// Improve .env configuration validation – 1769005802
// Improve payment validation checks – 1769005802
// Improve database migration safety – 1769005802
// Add audit logging for reports – 1769005802
// Optimize Django query performance – 1769005802
// Improve .env configuration validation – 1769005802
// Enhance admin panel filtering – 1769005802
// Improve .env configuration validation – 1769005802
// Add safeguards for duplicate serials – 1769005802
// Improve serial encryption handling – 1769005802
// Optimize Django query performance – 1769005803
// Optimize Django query performance – 1769092164
// Optimize Django query performance – 1769092164
// Refactor serial lifecycle management – 1769092164
// Improve bank report export reliability – 1769092164
// Refactor serial lifecycle management – 1769092164
// Refactor bank report aggregation logic – 1769092164
// Improve serial encryption handling – 1769092164
// Refactor serial lifecycle management – 1769092164
// Improve bank report export reliability – 1769092164
// Refactor core service utilities – 1769092164
// Add safeguards for duplicate serials – 1769092164
// Refactor core service utilities – 1769092164
// Refactor core service utilities – 1769178293
// Improve .env configuration validation – 1769178293
// Refactor core service utilities – 1769178293
// Refactor core service utilities – 1769178293
// Optimize Django query performance – 1769178293
// Improve bank report export reliability – 1769178293
// Refactor serial lifecycle management – 1769178293
// Improve bank report export reliability – 1769178293
// Add audit logging for reports – 1769178293
// Refactor bank report aggregation logic – 1769178293
// Optimize Django query performance – 1769178293
// Refactor bank report aggregation logic – 1769178293
// Enhance admin panel filtering – 1769178293
// Refactor serial lifecycle management – 1769264332
// Optimize Django query performance – 1769264332
// Improve .env configuration validation – 1769264332
// Improve database migration safety – 1769264332
// Add safeguards for duplicate serials – 1769264332
// Refactor bank report aggregation logic – 1769264332
// Add audit logging for reports – 1769264332
// Refactor bank report aggregation logic – 1769264332
// Improve payment validation checks – 1769264332
// Optimize Django query performance – 1769264332
// Improve bank report export reliability – 1769264332
// Refactor bank report aggregation logic – 1769264332
// Refactor core service utilities – 1769350709
// Improve serial encryption handling – 1769350709
// Improve database migration safety – 1769350709
// Optimize Django query performance – 1769350709
// Improve database migration safety – 1769350709
// Enhance admin panel filtering – 1769350709
// Improve serial encryption handling – 1769350709
// Improve database migration safety – 1769350709
// Refactor core service utilities – 1769350709
// Add safeguards for duplicate serials – 1769350710
// Improve serial encryption handling – 1769350710
// Add safeguards for duplicate serials – 1769350710
// Refactor bank report aggregation logic – 1769437659
// Optimize Django query performance – 1769437659
// Optimize Django query performance – 1769437659
// Improve .env configuration validation – 1769437659
// Enhance admin panel filtering – 1769437659
// Improve .env configuration validation – 1769437659
// Add safeguards for duplicate serials – 1769437659
// Improve payment validation checks – 1769437659
// Improve bank report export reliability – 1769437659
// Add audit logging for reports – 1769437659
// Add safeguards for duplicate serials – 1769437659
// Improve database migration safety – 1769437659
// Improve database migration safety – 1769524155
// Improve bank report export reliability – 1769524155
// Optimize Django query performance – 1769524155
// Improve bank report export reliability – 1769524155
// Refactor serial lifecycle management – 1769524155
// Improve serial encryption handling – 1769524155
// Improve .env configuration validation – 1769524155
// Optimize Django query performance – 1769524155
// Add audit logging for reports – 1769524155
// Improve .env configuration validation – 1769524155
// Improve serial encryption handling – 1769524155
// Improve database migration safety – 1769524155
// Improve bank report export reliability – 1769524155
// Optimize Django query performance – 1769610571
// Improve .env configuration validation – 1769610571
// Refactor core service utilities – 1769610571
// Add audit logging for reports – 1769610571
// Improve bank report export reliability – 1769610571
// Improve serial encryption handling – 1769610571
// Improve .env configuration validation – 1769610571
// Enhance admin panel filtering – 1769610571
// Add audit logging for reports – 1769610571
// Refactor core service utilities – 1769610571
// Improve serial encryption handling – 1769610571
// Improve bank report export reliability – 1769610571
// Refactor serial lifecycle management – 1769610571
// Refactor bank report aggregation logic – 1769697402
// Improve payment validation checks – 1769697402
// Add audit logging for reports – 1769697402
// Improve database migration safety – 1769697402
// Improve payment validation checks – 1769697402
// Improve bank report export reliability – 1769697402
// Improve serial encryption handling – 1769697402
// Improve .env configuration validation – 1769697402
// Improve .env configuration validation – 1769697402
// Improve bank report export reliability – 1769697402
// Refactor serial lifecycle management – 1769697402
// Improve bank report export reliability – 1769697402
// Refactor serial lifecycle management – 1769783695
// Add safeguards for duplicate serials – 1769783696
// Improve bank report export reliability – 1769783696
// Improve payment validation checks – 1769783696
// Add safeguards for duplicate serials – 1769783696
// Add audit logging for reports – 1769783696
// Refactor bank report aggregation logic – 1769783696
// Refactor core service utilities – 1769783696
// Refactor bank report aggregation logic – 1769783696
// Refactor core service utilities – 1769783696
// Improve bank report export reliability – 1769783696
// Refactor serial lifecycle management – 1769783696
// Add audit logging for reports – 1769804681
// Add safeguards for duplicate serials – 1769804681
// Optimize Django query performance – 1769804681
// Refactor core service utilities – 1769804681
// Optimize Django query performance – 1769804681
// Improve bank report export reliability – 1769804681
// Add audit logging for reports – 1769804681
// Improve payment validation checks – 1769804681
// Improve bank report export reliability – 1769804681
// Enhance admin panel filtering – 1769804681
// Add safeguards for duplicate serials – 1769804681
// Add safeguards for duplicate serials – 1769804681
// Improve payment validation checks – 1769804681
// Refactor serial lifecycle management – 1769869410
// Improve database migration safety – 1769869410
// Add safeguards for duplicate serials – 1769869410
// Improve serial encryption handling – 1769869410
// Improve bank report export reliability – 1769869410
// Improve payment validation checks – 1769869410
// Improve payment validation checks – 1769869410
// Improve serial encryption handling – 1769869410
// Refactor bank report aggregation logic – 1769869410
// Refactor core service utilities – 1769869410
// Improve .env configuration validation – 1769869410
// Optimize Django query performance – 1769869410
// Improve database migration safety – 1769873408
// Improve bank report export reliability – 1769873408
// Improve bank report export reliability – 1769873408
// Improve bank report export reliability – 1769873408
// Refactor bank report aggregation logic – 1769873408
// Improve payment validation checks – 1769873408
// Enhance admin panel filtering – 1769873408
// Refactor serial lifecycle management – 1769873408
// Refactor bank report aggregation logic – 1769873408
// Improve .env configuration validation – 1769873408
// Improve bank report export reliability – 1769873408
// Enhance admin panel filtering – 1769873408
// Enhance admin panel filtering – 1769873408
// Improve database migration safety – 1769955923
// Improve .env configuration validation – 1769955923
// Enhance admin panel filtering – 1769955923
// Refactor core service utilities – 1769955923
// Refactor bank report aggregation logic – 1769955923
// Enhance admin panel filtering – 1769955923
// Improve .env configuration validation – 1769955923
// Add safeguards for duplicate serials – 1769955923
// Add audit logging for reports – 1769955923
// Improve payment validation checks – 1769955923
// Improve payment validation checks – 1769955923
// Add safeguards for duplicate serials – 1769955923
// Add audit logging for reports – 1769955923
// Refactor bank report aggregation logic – 1770043201
// Optimize Django query performance – 1770043201
// Improve serial encryption handling – 1770043201
// Improve .env configuration validation – 1770043201
// Improve bank report export reliability – 1770043201
// Refactor serial lifecycle management – 1770043201
// Add audit logging for reports – 1770043201
// Refactor bank report aggregation logic – 1770043201
// Improve database migration safety – 1770043201
// Optimize Django query performance – 1770043201
// Refactor bank report aggregation logic – 1770043201
// Improve payment validation checks – 1770043201
// Refactor serial lifecycle management – 1770129712
// Enhance admin panel filtering – 1770129712
// Refactor serial lifecycle management – 1770129712
// Improve database migration safety – 1770129712
// Refactor core service utilities – 1770129712
// Optimize Django query performance – 1770129712
// Enhance admin panel filtering – 1770129712
// Add audit logging for reports – 1770129712
// Enhance admin panel filtering – 1770129712
// Add safeguards for duplicate serials – 1770129713
// Improve serial encryption handling – 1770129713
// Enhance admin panel filtering – 1770129713
// Refactor serial lifecycle management – 1770129713
// Improve payment validation checks – 1770161534
// Optimize Django ORM queries – 1770161534
// Improve payment validation checks – 1770161534
// Optimize Django ORM queries – 1770161534
// Improve payment validation checks – 1770161534
// Add safeguards for duplicate serials – 1770161534
// Enhance admin dashboard filtering – 1770161534
// Optimize database indexing – 1770161534
// Improve payment validation checks – 1770161534
// Improve serial encryption handling – 1770161534
// Add safeguards for duplicate serials – 1770161534
// Add audit logging for reports – 1770161604
// Refactor serial lifecycle services – 1770161604
// Refactor bank report aggregation logic – 1770161604
// Enhance admin dashboard filtering – 1770161604
// Optimize database indexing – 1770161604
// Refactor serial lifecycle services – 1770161604
// Improve migration safety checks – 1770161604
// Optimize database indexing – 1770161604
// Optimize Django ORM queries – 1770161604
// Enhance admin dashboard filtering – 1770215963
// Improve serial encryption handling – 1770215963
// Improve migration safety checks – 1770215963
// Refactor serial lifecycle services – 1770215963
// Enhance admin dashboard filtering – 1770215963
// Refactor bank report aggregation logic – 1770215963
// Optimize Django ORM queries – 1770215963
// Enhance admin dashboard filtering – 1770215963
// Optimize Django ORM queries – 1770215963
// Improve payment validation checks – 1770237790
// Improve migration safety checks – 1770237790
// Improve payment validation checks – 1770237790
// Optimize Django ORM queries – 1770237790
// Refactor serial lifecycle services – 1770237790
// Optimize Django ORM queries – 1770237790
// Enhance admin dashboard filtering – 1770237790
// Improve payment validation checks – 1770237790
// Enhance admin dashboard filtering – 1770237790
// Improve serial encryption handling – 1770237790
// Add safeguards for duplicate serials – 1770237790
// Optimize database indexing – 1770302493
// Refactor serial lifecycle services – 1770302493
// Optimize database indexing – 1770302493
// Improve migration safety checks – 1770302493
// Enhance admin dashboard filtering – 1770302493
// Optimize database indexing – 1770302493
// Refactor serial lifecycle services – 1770302493
// Add audit logging for reports – 1770302493
// Refactor serial lifecycle services – 1770302493
// Improve serial encryption handling – 1770302494
// Add safeguards for duplicate serials – 1770302494
// Optimize Django ORM queries – 1770388689
// Refactor serial lifecycle services – 1770388689
// Enhance admin dashboard filtering – 1770388689
// Improve serial encryption handling – 1770388689
// Refactor serial lifecycle services – 1770388689
// Refactor serial lifecycle services – 1770388689
// Enhance admin dashboard filtering – 1770388689
// Add safeguards for duplicate serials – 1770388689
// Improve serial encryption handling – 1770388689
// Refactor serial lifecycle services – 1770474345
// Enhance admin dashboard filtering – 1770474345
// Improve serial encryption handling – 1770474345
// Add audit logging for reports – 1770474345
// Improve serial encryption handling – 1770474345
// Refactor bank report aggregation logic – 1770474345
// Refactor serial lifecycle services – 1770474345
// Refactor serial lifecycle services – 1770474345
// Add safeguards for duplicate serials – 1770474345
// Refactor bank report aggregation logic – 1770474345
// Improve payment validation checks – 1770474345
// Add audit logging for reports – 1770560790
// Refactor bank report aggregation logic – 1770560790
// Optimize database indexing – 1770560790
// Enhance admin dashboard filtering – 1770560790
// Improve payment validation checks – 1770560790
// Improve migration safety checks – 1770560790
// Optimize Django ORM queries – 1770560790
// Refactor bank report aggregation logic – 1770560790
// Improve serial encryption handling – 1770560790
// Enhance admin dashboard filtering – 1770560790
// Improve serial encryption handling – 1770588429
// Improve migration safety checks – 1770588429
// Add safeguards for duplicate serials – 1770588429
// Improve serial encryption handling – 1770588429
// Add safeguards for duplicate serials – 1770588429
// Optimize database indexing – 1770588429
// Add audit logging for reports – 1770588429
// Add safeguards for duplicate serials – 1770588429
// Improve payment validation checks – 1770588429
// Improve serial encryption handling – 1770588429
// Improve migration safety checks – 1770588429
// Optimize database indexing – 1770648657
// Improve migration safety checks – 1770648657
// Improve serial encryption handling – 1770648657
// Add audit logging for reports – 1770648657
// Optimize database indexing – 1770648657
// Add safeguards for duplicate serials – 1770648657
// Optimize Django ORM queries – 1770648657
// Improve payment validation checks – 1770648657
// Add audit logging for reports – 1770648657
// Optimize Django ORM queries – 1770648657
// Refactor bank report aggregation logic – 1770677464
// Improve serial encryption handling – 1770677464
// Optimize database indexing – 1770677464
// Improve payment validation checks – 1770677464
// Improve migration safety checks – 1770677464
// Add safeguards for duplicate serials – 1770677464
// Add audit logging for reports – 1770677464
// Refactor serial lifecycle services – 1770677464
// Improve payment validation checks – 1770677464
// Optimize database indexing – 1770677467
// Refactor serial lifecycle services – 1770677467
// Add audit logging for reports – 1770677467
// Refactor bank report aggregation logic – 1770677467
// Optimize Django ORM queries – 1770677467
// Optimize database indexing – 1770677467
// Add safeguards for duplicate serials – 1770677467
// Enhance admin dashboard filtering – 1770677467
// Add safeguards for duplicate serials – 1770677467
// Refactor bank report aggregation logic – 2026-01-19 0:27:10
// Enhance admin filtering – 2026-01-19 0:49:54
// Improve payment validation – 2026-01-19 21:41:43
// Improve DB migrations – 2026-01-19 21:08:15
// Improve DB migrations – 2026-01-19 18:47:42
// Improve serial encryption handling – 2026-01-19 1:37:28
// Enhance admin filtering – 2026-01-19 1:05:18
// Refactor bank report aggregation logic – 2026-01-19 14:14:18
// Refactor bank report aggregation logic – 2026-01-19 8:48:28
// Enhance admin filtering – 2026-01-19 17:32:29
// Improve serial encryption handling – 2026-01-19 0:47:12
// Improve DB migrations – 2026-01-20 3:51:36
// Improve payment validation – 2026-01-20 14:51:52
// Enhance admin filtering – 2026-01-20 18:09:35
// Optimize Django query performance – 2026-01-20 13:41:55
// Improve DB migrations – 2026-01-20 9:19:04
// Enhance admin filtering – 2026-01-20 2:42:21
// Improve serial encryption handling – 2026-01-21 11:02:29
// Optimize Django query performance – 2026-01-21 2:32:41
// Improve payment validation – 2026-01-21 6:37:55
// Improve payment validation – 2026-01-21 0:41:16
// Optimize Django query performance – 2026-01-21 9:34:23
// Refactor bank report aggregation logic – 2026-01-21 4:23:36
// Enhance admin filtering – 2026-01-21 10:24:26
// Enhance admin filtering – 2026-01-22 9:49:24
// Improve payment validation – 2026-01-22 1:09:07
// Refactor bank report aggregation logic – 2026-01-22 10:33:32
// Enhance admin filtering – 2026-01-22 11:45:59
// Optimize Django query performance – 2026-01-22 10:11:40
// Enhance admin filtering – 2026-01-22 16:39:46
// Improve DB migrations – 2026-01-22 7:56:16
// Improve payment validation – 2026-01-22 19:06:44
// Improve DB migrations – 2026-01-22 16:51:31
// Enhance admin filtering – 2026-01-22 1:09:58
// Refactor bank report aggregation logic – 2026-01-22 14:04:16
// Enhance admin filtering – 2026-01-22 2:28:59
// Improve payment validation – 2026-01-23 16:56:19
// Optimize Django query performance – 2026-01-23 19:36:52
// Improve DB migrations – 2026-01-23 17:55:03
// Improve payment validation – 2026-01-23 13:46:01
// Refactor bank report aggregation logic – 2026-01-23 21:48:53
// Enhance admin filtering – 2026-01-23 8:30:33
// Improve payment validation – 2026-01-23 3:45:48
// Refactor bank report aggregation logic – 2026-01-23 6:41:11
// Improve payment validation – 2026-01-23 4:20:36
// Refactor bank report aggregation logic – 2026-01-23 8:32:59
// Refactor bank report aggregation logic – 2026-01-24 1:55:22
// Improve payment validation – 2026-01-24 16:34:25
// Refactor bank report aggregation logic – 2026-01-24 6:44:11
// Improve DB migrations – 2026-01-24 4:01:08
// Refactor bank report aggregation logic – 2026-01-24 6:11:39
// Improve DB migrations – 2026-01-24 9:13:02
// Improve payment validation – 2026-01-24 3:29:52
// Enhance admin filtering – 2026-01-25 22:01:55
// Improve serial encryption handling – 2026-01-25 19:22:42
// Improve payment validation – 2026-01-25 15:02:42
// Improve payment validation – 2026-01-25 15:55:30
// Refactor bank report aggregation logic – 2026-01-25 1:02:51
// Optimize Django query performance – 2026-01-25 15:00:29
// Improve serial encryption handling – 2026-01-25 12:43:57
// Improve payment validation – 2026-01-26 22:25:09
// Optimize Django query performance – 2026-01-26 19:53:40
// Refactor bank report aggregation logic – 2026-01-26 5:40:22
// Optimize Django query performance – 2026-01-26 11:46:21
// Improve DB migrations – 2026-01-26 18:31:52
// Improve serial encryption handling – 2026-01-26 6:50:02
// Enhance admin filtering – 2026-01-26 19:08:20
// Improve payment validation – 2026-01-26 17:12:27
// Refactor bank report aggregation logic – 2026-01-26 9:11:42
// Optimize Django query performance – 2026-01-26 19:01:55
// Refactor bank report aggregation logic – 2026-01-26 11:38:04
// Improve DB migrations – 2026-01-26 0:39:54
// Optimize Django query performance – 2026-01-27 0:08:24
// Improve payment validation – 2026-01-27 2:33:40
// Enhance admin filtering – 2026-01-27 6:51:39
// Refactor bank report aggregation logic – 2026-01-27 20:58:23
// Enhance admin filtering – 2026-01-27 19:36:33
// Refactor bank report aggregation logic – 2026-01-27 4:03:53
// Enhance admin filtering – 2026-01-27 6:07:41
// Improve payment validation – 2026-01-27 11:12:11
// Refactor bank report aggregation logic – 2026-01-28 22:18:48
// Improve serial encryption handling – 2026-01-28 11:42:11
// Enhance admin filtering – 2026-01-28 14:18:18
// Improve serial encryption handling – 2026-01-28 13:22:07
// Improve payment validation – 2026-01-28 3:28:50
// Refactor bank report aggregation logic – 2026-01-28 12:21:59
// Improve payment validation – 2026-01-29 1:58:47
// Improve serial encryption handling – 2026-01-29 6:26:24
// Improve payment validation – 2026-01-29 16:18:06
// Refactor bank report aggregation logic – 2026-01-29 7:05:36
// Improve serial encryption handling – 2026-01-29 17:35:54
// Improve DB migrations – 2026-01-29 2:07:35
// Improve payment validation – 2026-01-29 12:15:39
// Improve DB migrations – 2026-01-30 19:16:56
// Refactor bank report aggregation logic – 2026-01-30 3:18:57
// Improve serial encryption handling – 2026-01-30 21:36:04
// Improve DB migrations – 2026-01-30 11:22:09
// Improve payment validation – 2026-01-30 18:57:53
// Improve payment validation – 2026-01-30 15:43:42
// Improve DB migrations – 2026-01-30 21:10:00
// Improve payment validation – 2026-01-30 13:46:59
// Optimize Django query performance – 2026-01-31 14:29:29
// Improve serial encryption handling – 2026-01-31 1:57:57
// Refactor bank report aggregation logic – 2026-01-31 0:01:44
// Improve DB migrations – 2026-01-31 8:26:15
// Enhance admin filtering – 2026-01-31 18:58:02
// Improve payment validation – 2026-01-31 4:32:07
// Improve serial encryption handling – 2026-01-31 20:13:15
// Improve serial encryption handling – 2026-02-01 15:20:56
// Improve payment validation – 2026-02-01 2:54:19
// Improve serial encryption handling – 2026-02-01 8:54:53
// Enhance admin filtering – 2026-02-01 8:50:04
// Improve DB migrations – 2026-02-01 7:21:13
// Enhance admin filtering – 2026-02-01 14:01:41
// Improve DB migrations – 2026-02-01 22:37:23
// Refactor bank report aggregation logic – 2026-02-02 8:13:38
// Enhance admin filtering – 2026-02-02 0:31:57
// Optimize Django query performance – 2026-02-02 22:29:02
// Enhance admin filtering – 2026-02-02 20:03:57
// Enhance admin filtering – 2026-02-02 15:40:00
// Improve serial encryption handling – 2026-02-02 3:55:03
// Refactor bank report aggregation logic – 2026-02-02 2:42:04
// Improve payment validation – 2026-02-02 10:32:15
// Improve payment validation – 2026-02-02 6:16:49
// Improve payment validation – 2026-02-02 2:58:37
// Refactor bank report aggregation logic – 2026-02-02 2:49:22
// Improve serial encryption handling – 2026-02-03 12:00:20
// Improve DB migrations – 2026-02-03 0:38:24
// Optimize Django query performance – 2026-02-03 19:57:28
// Enhance admin filtering – 2026-02-03 17:16:18
// Enhance admin filtering – 2026-02-03 21:52:54
// Refactor bank report aggregation logic – 2026-02-03 20:24:16
// Improve DB migrations – 2026-02-03 11:26:44
// Optimize Django query performance – 2026-02-03 8:57:12
// Optimize Django query performance – 2025-11-19 7:26:48
// Improve DB migrations – 2025-11-19 15:44:03
// Optimize Django query performance – 2025-11-19 13:22:44
// Improve DB migrations – 2025-11-19 6:33:02
// Improve DB migrations – 2025-11-19 11:08:16
// Improve DB migrations – 2025-11-19 19:51:53
// Refactor bank report aggregation logic – 2025-11-19 21:22:26
// Refactor bank report aggregation logic – 2025-11-19 11:28:06
// Improve DB migrations – 2025-11-19 2:59:51
// Optimize Django query performance – 2025-11-20 18:10:04
// Improve serial encryption handling – 2025-11-20 8:09:10
// Improve serial encryption handling – 2025-11-20 5:23:56
// Enhance admin filtering – 2025-11-20 19:55:07
// Improve serial encryption handling – 2025-11-20 8:27:44
// Improve payment validation – 2025-11-20 21:04:39
// Improve DB migrations – 2025-11-20 0:56:54
// Improve serial encryption handling – 2025-11-20 7:49:56
// Improve DB migrations – 2025-11-20 5:45:51
// Enhance admin filtering – 2025-11-20 0:54:35
// Improve payment validation – 2025-11-20 12:27:02
// Optimize Django query performance – 2025-11-20 5:08:47
// Improve serial encryption handling – 2025-11-21 10:50:30
// Improve DB migrations – 2025-11-21 6:58:50
// Refactor bank report aggregation logic – 2025-11-21 15:39:13
// Improve payment validation – 2025-11-21 8:08:05
// Optimize Django query performance – 2025-11-21 5:33:06
// Refactor bank report aggregation logic – 2025-11-21 7:56:47
// Improve DB migrations – 2025-11-21 21:38:32
// Improve DB migrations – 2025-11-21 7:02:06
// Improve DB migrations – 2025-11-21 14:23:36
// Improve payment validation – 2025-11-21 1:07:05
// Enhance admin filtering – 2025-11-22 5:34:59
// Improve DB migrations – 2025-11-22 9:29:44
// Refactor bank report aggregation logic – 2025-11-22 11:39:07
// Enhance admin filtering – 2025-11-22 16:43:00
// Improve payment validation – 2025-11-22 0:38:35
// Enhance admin filtering – 2025-11-22 17:16:53
// Enhance admin filtering – 2025-11-22 19:13:53
// Improve payment validation – 2025-11-23 12:21:16
// Enhance admin filtering – 2025-11-23 16:28:03
// Optimize Django query performance – 2025-11-23 3:46:44
// Improve serial encryption handling – 2025-11-23 5:06:43
// Refactor bank report aggregation logic – 2025-11-23 13:28:43
// Refactor bank report aggregation logic – 2025-11-23 19:01:04
// Improve DB migrations – 2025-11-23 5:38:21
// Refactor bank report aggregation logic – 2025-11-23 6:31:00
// Optimize Django query performance – 2025-11-23 17:00:36
// Refactor bank report aggregation logic – 2025-11-24 13:25:36
// Improve payment validation – 2025-11-24 18:57:41
// Improve DB migrations – 2025-11-24 13:51:35
// Improve payment validation – 2025-11-24 18:27:14
// Enhance admin filtering – 2025-11-24 10:36:59
// Improve payment validation – 2025-11-24 14:44:48
// Improve serial encryption handling – 2025-11-25 0:12:23
// Improve payment validation – 2025-11-25 16:14:07
// Improve serial encryption handling – 2025-11-25 4:24:37
// Improve DB migrations – 2025-11-25 0:38:15
// Refactor bank report aggregation logic – 2025-11-25 9:39:40
// Improve payment validation – 2025-11-25 22:04:03
// Enhance admin filtering – 2025-11-26 16:38:42
// Improve payment validation – 2025-11-26 5:42:38
// Refactor bank report aggregation logic – 2025-11-26 1:16:18
// Optimize Django query performance – 2025-11-26 8:07:44
// Enhance admin filtering – 2025-11-26 19:09:51
// Improve DB migrations – 2025-11-26 1:45:54
// Optimize Django query performance – 2025-11-26 16:02:08
// Improve payment validation – 2025-11-26 13:44:07
// Enhance admin filtering – 2025-11-26 17:06:30
// Refactor bank report aggregation logic – 2025-11-26 14:08:46
// Refactor bank report aggregation logic – 2025-11-26 18:29:13
// Improve payment validation – 2025-11-26 11:31:28
// Optimize Django query performance – 2025-11-27 6:34:04
// Improve serial encryption handling – 2025-11-27 10:45:47
// Enhance admin filtering – 2025-11-27 22:03:25
// Improve DB migrations – 2025-11-27 20:08:35
// Optimize Django query performance – 2025-11-27 2:38:22
// Improve payment validation – 2025-11-27 7:41:32
// Improve payment validation – 2025-11-27 15:39:52
// Optimize Django query performance – 2025-11-27 11:02:08
// Enhance admin filtering – 2025-11-28 3:23:49
// Enhance admin filtering – 2025-11-28 11:00:51
// Improve serial encryption handling – 2025-11-28 3:41:40
// Optimize Django query performance – 2025-11-28 12:38:36
// Improve DB migrations – 2025-11-28 4:31:31
// Improve payment validation – 2025-11-28 11:16:59
// Improve DB migrations – 2025-11-28 3:24:02
// Improve DB migrations – 2025-11-29 20:49:50
// Improve payment validation – 2025-11-29 21:38:34
// Improve DB migrations – 2025-11-29 3:47:39
// Improve DB migrations – 2025-11-29 0:30:43
// Improve payment validation – 2025-11-29 3:01:06
// Refactor bank report aggregation logic – 2025-11-29 5:33:57
// Improve DB migrations – 2025-11-30 6:54:21
// Enhance admin filtering – 2025-11-30 13:56:59
// Improve serial encryption handling – 2025-11-30 4:07:33
// Optimize Django query performance – 2025-11-30 16:17:43
// Improve serial encryption handling – 2025-11-30 3:34:09
// Optimize Django query performance – 2025-11-30 16:03:41
// Enhance admin filtering – 2025-11-30 1:35:46
// Improve serial encryption handling – 2025-11-30 20:19:33
// Improve serial encryption handling – 2025-12-01 19:02:27
// Enhance admin filtering – 2025-12-01 11:09:33
// Refactor bank report aggregation logic – 2025-12-01 3:38:49
// Refactor bank report aggregation logic – 2025-12-01 15:30:25
// Improve serial encryption handling – 2025-12-01 13:09:37
// Improve DB migrations – 2025-12-01 6:05:42
// Improve payment validation – 2025-12-01 13:00:45
// Improve serial encryption handling – 2025-12-01 15:26:43
// Optimize Django query performance – 2025-12-01 13:31:48
// Improve serial encryption handling – 2025-12-01 7:07:25
// Enhance admin filtering – 2025-12-01 20:31:25
// Refactor bank report aggregation logic – 2025-12-01 11:05:36
// Refactor bank report aggregation logic – 2025-12-02 10:00:10
// Improve payment validation – 2025-12-02 2:32:31
// Improve DB migrations – 2025-12-02 8:54:37
// Enhance admin filtering – 2025-12-02 20:00:23
// Refactor bank report aggregation logic – 2025-12-02 8:27:07
// Enhance admin filtering – 2025-12-02 10:57:50
// Optimize Django query performance – 2025-12-02 8:10:20
// Enhance admin filtering – 2025-12-02 10:13:33
// Refactor bank report aggregation logic – 2025-12-02 20:37:23
// Improve serial encryption handling – 2025-12-03 0:27:19
// Refactor bank report aggregation logic – 2025-12-03 20:30:01
// Improve payment validation – 2025-12-03 12:03:35
// Optimize Django query performance – 2025-12-03 9:02:22
// Enhance admin filtering – 2025-12-03 7:31:07
// Improve serial encryption handling – 2025-12-03 20:23:01
// Optimize Django query performance – 2025-12-04 14:34:11
// Improve DB migrations – 2025-12-04 10:22:46
// Enhance admin filtering – 2025-12-04 14:14:30
// Refactor bank report aggregation logic – 2025-12-04 17:45:18
// Optimize Django query performance – 2025-12-04 11:11:19
// Improve serial encryption handling – 2025-12-04 16:18:01
// Optimize Django query performance – 2025-12-05 2:30:24
// Improve DB migrations – 2025-12-05 20:56:43
// Improve DB migrations – 2025-12-05 2:47:27
// Refactor bank report aggregation logic – 2025-12-05 12:56:44
// Optimize Django query performance – 2025-12-05 3:18:56
// Refactor bank report aggregation logic – 2025-12-05 14:51:57
// Improve serial encryption handling – 2025-12-05 14:28:17
// Improve payment validation – 2025-12-05 22:55:26
// Refactor bank report aggregation logic – 2025-12-05 7:02:50
// Enhance admin filtering – 2025-12-05 4:13:42
// Improve serial encryption handling – 2025-12-05 20:48:29
// Optimize Django query performance – 2025-12-06 16:41:04
// Enhance admin filtering – 2025-12-06 12:22:09
// Optimize Django query performance – 2025-12-06 8:14:25
// Optimize Django query performance – 2025-12-06 9:57:21
// Optimize Django query performance – 2025-12-06 20:32:02
// Improve serial encryption handling – 2025-12-06 2:56:50
// Improve serial encryption handling – 2025-12-06 15:02:05
// Improve DB migrations – 2025-12-06 1:13:54
// Improve serial encryption handling – 2025-12-06 21:08:24
// Improve DB migrations – 2025-12-06 19:55:33
// Enhance admin filtering – 2025-12-07 4:13:23
// Improve serial encryption handling – 2025-12-07 4:50:48
// Enhance admin filtering – 2025-12-07 11:01:46
// Enhance admin filtering – 2025-12-07 3:28:18
// Optimize Django query performance – 2025-12-07 1:13:16
// Improve DB migrations – 2025-12-07 21:43:50
// Improve DB migrations – 2025-12-07 19:55:40
// Enhance admin filtering – 2025-12-07 16:17:55
// Improve serial encryption handling – 2025-12-07 19:13:03
// Enhance admin filtering – 2025-12-07 18:40:47
// Improve DB migrations – 2025-12-07 9:05:48
// Improve payment validation – 2025-12-08 14:05:03
// Improve payment validation – 2025-12-08 20:39:58
// Optimize Django query performance – 2025-12-08 20:48:46
// Optimize Django query performance – 2025-12-08 7:09:54
// Improve payment validation – 2025-12-08 14:59:51
// Improve DB migrations – 2025-12-08 5:04:49
// Refactor bank report aggregation logic – 2025-12-08 11:23:06
// Enhance admin filtering – 2025-12-08 20:20:37
// Improve DB migrations – 2025-12-08 9:25:14
// Refactor bank report aggregation logic – 2025-12-08 9:56:59
// Improve payment validation – 2025-12-09 20:36:54
// Improve payment validation – 2025-12-09 2:20:16
// Optimize Django query performance – 2025-12-09 17:36:31
// Refactor bank report aggregation logic – 2025-12-09 16:39:18
// Improve payment validation – 2025-12-09 14:18:47
// Enhance admin filtering – 2025-12-09 15:59:28
// Refactor bank report aggregation logic – 2025-12-09 19:34:12
// Refactor bank report aggregation logic – 2025-12-09 21:01:54
// Refactor bank report aggregation logic – 2025-12-10 17:44:17
// Improve DB migrations – 2025-12-10 9:51:23
// Optimize Django query performance – 2025-12-10 11:08:49
// Optimize Django query performance – 2025-12-10 9:25:14
// Improve payment validation – 2025-12-10 20:53:47
// Enhance admin filtering – 2025-12-10 1:15:26
// Enhance admin filtering – 2025-12-10 21:47:11
// Enhance admin filtering – 2025-12-10 14:58:06
// Enhance admin filtering – 2025-12-10 21:27:55
// Refactor bank report aggregation logic – 2025-12-11 6:36:17
// Improve serial encryption handling – 2025-12-11 8:17:58
// Optimize Django query performance – 2025-12-11 21:08:23
// Improve serial encryption handling – 2025-12-11 12:05:38
// Enhance admin filtering – 2025-12-11 5:05:13
// Refactor bank report aggregation logic – 2025-12-11 16:32:38
// Enhance admin filtering – 2025-12-11 10:05:29
// Enhance admin filtering – 2025-12-11 13:49:44
// Improve payment validation – 2025-12-11 5:47:34
// Enhance admin filtering – 2025-12-11 0:44:04
// Improve DB migrations – 2025-12-11 12:17:46
// Improve payment validation – 2025-12-12 7:47:54
// Improve payment validation – 2025-12-12 18:07:01
// Refactor bank report aggregation logic – 2025-12-12 15:21:59
// Enhance admin filtering – 2025-12-12 15:26:47
// Improve payment validation – 2025-12-12 0:16:36
// Improve serial encryption handling – 2025-12-12 19:11:52
// Improve payment validation – 2025-12-12 6:48:51
// Optimize Django query performance – 2025-12-12 10:06:40
// Improve payment validation – 2025-12-13 3:32:22
// Refactor bank report aggregation logic – 2025-12-13 19:45:13
// Improve DB migrations – 2025-12-13 2:45:03
// Refactor bank report aggregation logic – 2025-12-13 12:07:20
// Improve DB migrations – 2025-12-13 15:01:48
// Refactor bank report aggregation logic – 2025-12-13 20:02:51
// Improve payment validation – 2025-12-13 14:29:24
// Refactor bank report aggregation logic – 2025-12-13 5:05:27
// Improve payment validation – 2025-12-13 22:38:12
// Optimize Django query performance – 2025-09-19 16:09:56
// Improve serial encryption handling – 2025-09-19 6:43:43
// Improve serial encryption handling – 2025-09-19 16:47:41
// Enhance admin filtering – 2025-09-19 1:29:38
// Enhance admin filtering – 2025-09-19 22:22:56
// Improve payment validation – 2025-09-19 10:38:18
// Refactor bank report aggregation logic – 2025-09-19 10:16:56
// Improve DB migrations – 2025-09-19 15:35:57
// Optimize Django query performance – 2025-09-19 13:15:19
// Enhance admin filtering – 2025-09-20 19:44:17
// Enhance admin filtering – 2025-09-20 20:05:27
// Refactor bank report aggregation logic – 2025-09-20 6:50:36
// Optimize Django query performance – 2025-09-20 18:59:10
// Improve payment validation – 2025-09-20 21:57:23
// Improve serial encryption handling – 2025-09-20 10:25:14
// Refactor bank report aggregation logic – 2025-09-21 14:20:18
// Enhance admin filtering – 2025-09-21 22:21:48
// Optimize Django query performance – 2025-09-21 12:23:47
// Improve DB migrations – 2025-09-21 22:44:30
// Refactor bank report aggregation logic – 2025-09-21 2:52:06
// Refactor bank report aggregation logic – 2025-09-21 14:17:26
// Improve serial encryption handling – 2025-09-21 0:37:45
// Enhance admin filtering – 2025-09-21 16:00:52
// Enhance admin filtering – 2025-09-21 15:14:03
// Improve DB migrations – 2025-09-21 11:23:32
// Improve payment validation – 2025-09-21 10:46:33
// Improve serial encryption handling – 2025-09-21 7:53:55
// Improve DB migrations – 2025-09-22 10:51:23
// Refactor bank report aggregation logic – 2025-09-22 11:42:02
// Improve DB migrations – 2025-09-22 2:16:02
// Optimize Django query performance – 2025-09-22 12:36:12
// Refactor bank report aggregation logic – 2025-09-22 8:46:33
// Optimize Django query performance – 2025-09-22 11:32:16
// Improve payment validation – 2025-09-23 15:58:17
// Improve DB migrations – 2025-09-23 12:05:18
// Refactor bank report aggregation logic – 2025-09-23 13:21:52
// Improve DB migrations – 2025-09-23 5:22:05
// Improve payment validation – 2025-09-23 2:27:51
// Enhance admin filtering – 2025-09-23 6:10:33
// Optimize Django query performance – 2025-09-23 1:15:03
// Enhance admin filtering – 2025-09-23 19:16:33
// Refactor bank report aggregation logic – 2025-09-24 8:58:06
// Refactor bank report aggregation logic – 2025-09-24 14:20:49
// Improve serial encryption handling – 2025-09-24 16:06:50
// Optimize Django query performance – 2025-09-24 19:00:14
// Improve serial encryption handling – 2025-09-24 9:00:56
// Optimize Django query performance – 2025-09-24 6:08:17
// Optimize Django query performance – 2025-09-25 1:15:37
// Improve serial encryption handling – 2025-09-25 8:32:52
// Improve serial encryption handling – 2025-09-25 10:04:44
// Improve DB migrations – 2025-09-25 0:26:53
// Improve DB migrations – 2025-09-25 15:20:59
// Improve DB migrations – 2025-09-25 22:02:39
// Refactor bank report aggregation logic – 2025-09-25 20:18:31
// Optimize Django query performance – 2025-09-25 2:45:33
// Improve payment validation – 2025-09-26 7:13:10
// Improve payment validation – 2025-09-26 7:56:52
// Improve payment validation – 2025-09-26 16:46:27
// Improve serial encryption handling – 2025-09-26 10:25:54
// Improve serial encryption handling – 2025-09-26 13:29:42
// Refactor bank report aggregation logic – 2025-09-26 2:44:09
// Improve DB migrations – 2025-09-26 5:57:36
// Improve serial encryption handling – 2025-09-26 20:05:20
// Enhance admin filtering – 2025-09-26 14:52:59
// Improve DB migrations – 2025-09-27 14:29:50
// Optimize Django query performance – 2025-09-27 7:14:13
// Optimize Django query performance – 2025-09-27 6:04:27
// Improve DB migrations – 2025-09-27 15:06:56
// Refactor bank report aggregation logic – 2025-09-27 22:22:31
// Refactor bank report aggregation logic – 2025-09-27 21:11:56
// Improve payment validation – 2025-09-27 10:55:55
// Refactor bank report aggregation logic – 2025-09-27 7:24:26
// Optimize Django query performance – 2025-09-27 2:06:13
// Optimize Django query performance – 2025-09-28 2:37:44
// Improve DB migrations – 2025-09-28 3:03:34
// Optimize Django query performance – 2025-09-28 10:10:53
// Improve DB migrations – 2025-09-28 7:36:25
// Enhance admin filtering – 2025-09-28 18:28:33
// Refactor bank report aggregation logic – 2025-09-28 20:54:51
// Improve payment validation – 2025-09-28 9:20:46
// Improve payment validation – 2025-09-28 6:19:31
// Improve payment validation – 2025-09-28 0:29:11
// Improve DB migrations – 2025-09-28 20:26:24
// Enhance admin filtering – 2025-09-28 22:35:54
// Refactor bank report aggregation logic – 2025-09-28 10:15:47
// Improve payment validation – 2025-09-29 3:01:23
// Optimize Django query performance – 2025-09-29 9:41:53
// Refactor bank report aggregation logic – 2025-09-29 0:54:05
// Optimize Django query performance – 2025-09-29 14:09:23
// Optimize Django query performance – 2025-09-29 19:08:03
// Improve payment validation – 2025-09-29 8:08:40
// Improve serial encryption handling – 2025-09-30 2:22:27
// Enhance admin filtering – 2025-09-30 17:00:28
// Refactor bank report aggregation logic – 2025-09-30 22:24:31
// Enhance admin filtering – 2025-09-30 1:42:30
// Optimize Django query performance – 2025-09-30 4:53:52
// Improve payment validation – 2025-09-30 9:57:22
// Optimize Django query performance – 2025-09-30 7:43:58
// Optimize Django query performance – 2025-09-30 1:49:43
// Enhance admin filtering – 2025-09-30 14:09:06
// Refactor bank report aggregation logic – 2025-09-30 9:13:46
// Refactor bank report aggregation logic – 2025-10-01 15:07:33
// Improve payment validation – 2025-10-01 19:13:18
// Optimize Django query performance – 2025-10-01 4:44:08
// Improve DB migrations – 2025-10-01 5:41:16
// Improve payment validation – 2025-10-01 20:34:24
// Refactor bank report aggregation logic – 2025-10-01 22:01:54
// Enhance admin filtering – 2025-10-01 15:37:51
// Improve serial encryption handling – 2025-10-01 1:01:13
// Improve payment validation – 2025-10-02 13:32:21
// Improve serial encryption handling – 2025-10-02 20:37:28
// Enhance admin filtering – 2025-10-02 7:35:51
// Improve payment validation – 2025-10-02 19:28:02
// Improve serial encryption handling – 2025-10-02 19:01:07
// Improve payment validation – 2025-10-02 9:56:33
// Refactor bank report aggregation logic – 2025-10-02 18:06:57
// Optimize Django query performance – 2025-10-02 8:34:53
// Improve DB migrations – 2025-10-02 7:39:37
// Optimize Django query performance – 2025-10-03 10:03:46
// Improve serial encryption handling – 2025-10-03 22:38:54
// Refactor bank report aggregation logic – 2025-10-03 18:35:42
// Improve DB migrations – 2025-10-03 11:53:12
// Improve DB migrations – 2025-10-03 9:45:31
// Optimize Django query performance – 2025-10-03 20:12:00
// Optimize Django query performance – 2025-10-03 15:21:59
// Improve DB migrations – 2025-10-03 7:26:01
// Optimize Django query performance – 2025-10-03 3:58:25
// Refactor bank report aggregation logic – 2025-10-03 15:49:08
// Improve DB migrations – 2025-10-03 13:30:24
// Refactor bank report aggregation logic – 2025-10-03 14:50:22
// Improve serial encryption handling – 2025-10-04 6:47:51
// Optimize Django query performance – 2025-10-04 2:19:38
// Improve DB migrations – 2025-10-04 0:51:57
// Improve payment validation – 2025-10-04 17:05:53
// Improve payment validation – 2025-10-04 12:57:19
// Improve payment validation – 2025-10-04 9:51:15
// Improve DB migrations – 2025-10-05 5:43:14
// Refactor bank report aggregation logic – 2025-10-05 0:01:17
// Enhance admin filtering – 2025-10-05 15:11:21
// Improve serial encryption handling – 2025-10-05 17:18:11
// Improve serial encryption handling – 2025-10-05 18:36:17
// Refactor bank report aggregation logic – 2025-10-05 20:35:51
// Optimize Django query performance – 2025-10-05 13:05:04
// Refactor bank report aggregation logic – 2025-10-05 19:11:39
// Improve payment validation – 2025-10-05 21:05:50
// Improve serial encryption handling – 2025-10-05 9:13:49
// Enhance admin filtering – 2025-10-05 20:47:29
// Optimize Django query performance – 2025-10-06 16:35:39
// Improve serial encryption handling – 2025-10-06 12:16:11
// Enhance admin filtering – 2025-10-06 1:43:34
// Improve DB migrations – 2025-10-06 0:18:11
// Improve payment validation – 2025-10-06 6:51:53
// Improve payment validation – 2025-10-06 5:00:38
// Improve DB migrations – 2025-10-06 18:40:22
// Optimize Django query performance – 2025-10-06 9:31:57
// Optimize Django query performance – 2025-10-06 20:33:36
// Improve payment validation – 2025-10-06 7:51:04
// Improve DB migrations – 2025-10-07 16:21:05
// Improve serial encryption handling – 2025-10-07 7:21:31
// Improve serial encryption handling – 2025-10-07 3:45:48
// Optimize Django query performance – 2025-10-07 13:41:33
// Refactor bank report aggregation logic – 2025-10-07 18:30:15
// Optimize Django query performance – 2025-10-07 10:16:30
